
There are no discarded input sections

Memory Configuration

Name             Origin             Length             Attributes
mem              0x00000000         0x00000400
*default*        0x00000000         0xffffffff

Linker script and memory map


.memory         0x00000000      0x108
                0x00000000                        . = 0x0
 *(.text)
 .text          0x00000000       0xe0 asms/compiled_files/interrupts.o
                0x00000000                _start
                0x00000000                main
 *(*)
 .data          0x000000e0        0x0 asms/compiled_files/interrupts.o
 .bss           0x000000e0        0x0 asms/compiled_files/interrupts.o
 .riscv.attributes
                0x000000e0       0x27 asms/compiled_files/interrupts.o
                0x00000107                        end = .
                0x00000108                        . = ALIGN (0x4)
 *fill*         0x00000107        0x1 
LOAD asms/compiled_files/interrupts.o
LOAD /opt/homebrew/Cellar/riscv-gnu-toolchain/main/lib/gcc/riscv64-unknown-elf/13.2.0/rv32i/ilp32/libgcc.a
OUTPUT(asms/compiled_files/interrupts.elf elf32-littleriscv)
